Change Dir: '/home/goncalo/UMinho/3_Ano/CG/CG/vcpkg/buildtrees/imgui/x64-linux-rel'

Run Build Command(s): /home/goncalo/UMinho/3_Ano/CG/CG/vcpkg/downloads/tools/ninja-1.13.2-linux/ninja -v -v -j13 install
[1/10] /usr/bin/c++  -I/home/goncalo/UMinho/3_Ano/CG/CG/vcpkg/buildtrees/imgui/src/v1.90.2-4442117b09.clean -isystem /home/goncalo/UMinho/3_Ano/CG/CG/build/vcpkg_installed/x64-linux/include -fPIC -O3 -DNDEBUG -MD -MT CMakeFiles/imgui.dir/backends/imgui_impl_opengl2.cpp.o -MF CMakeFiles/imgui.dir/backends/imgui_impl_opengl2.cpp.o.d -o CMakeFiles/imgui.dir/backends/imgui_impl_opengl2.cpp.o -c /home/goncalo/UMinho/3_Ano/CG/CG/vcpkg/buildtrees/imgui/src/v1.90.2-4442117b09.clean/backends/imgui_impl_opengl2.cpp
[2/10] /usr/bin/c++  -I/home/goncalo/UMinho/3_Ano/CG/CG/vcpkg/buildtrees/imgui/src/v1.90.2-4442117b09.clean -isystem /home/goncalo/UMinho/3_Ano/CG/CG/build/vcpkg_installed/x64-linux/include -fPIC -O3 -DNDEBUG -MD -MT CMakeFiles/imgui.dir/backends/imgui_impl_glfw.cpp.o -MF CMakeFiles/imgui.dir/backends/imgui_impl_glfw.cpp.o.d -o CMakeFiles/imgui.dir/backends/imgui_impl_glfw.cpp.o -c /home/goncalo/UMinho/3_Ano/CG/CG/vcpkg/buildtrees/imgui/src/v1.90.2-4442117b09.clean/backends/imgui_impl_glfw.cpp
[3/10] /usr/bin/c++  -I/home/goncalo/UMinho/3_Ano/CG/CG/vcpkg/buildtrees/imgui/src/v1.90.2-4442117b09.clean -isystem /home/goncalo/UMinho/3_Ano/CG/CG/build/vcpkg_installed/x64-linux/include -fPIC -O3 -DNDEBUG -MD -MT CMakeFiles/imgui.dir/misc/cpp/imgui_stdlib.cpp.o -MF CMakeFiles/imgui.dir/misc/cpp/imgui_stdlib.cpp.o.d -o CMakeFiles/imgui.dir/misc/cpp/imgui_stdlib.cpp.o -c /home/goncalo/UMinho/3_Ano/CG/CG/vcpkg/buildtrees/imgui/src/v1.90.2-4442117b09.clean/misc/cpp/imgui_stdlib.cpp
[4/10] /usr/bin/c++  -I/home/goncalo/UMinho/3_Ano/CG/CG/vcpkg/buildtrees/imgui/src/v1.90.2-4442117b09.clean -isystem /home/goncalo/UMinho/3_Ano/CG/CG/build/vcpkg_installed/x64-linux/include -fPIC -O3 -DNDEBUG -MD -MT CMakeFiles/imgui.dir/imgui_tables.cpp.o -MF CMakeFiles/imgui.dir/imgui_tables.cpp.o.d -o CMakeFiles/imgui.dir/imgui_tables.cpp.o -c /home/goncalo/UMinho/3_Ano/CG/CG/vcpkg/buildtrees/imgui/src/v1.90.2-4442117b09.clean/imgui_tables.cpp
[5/10] /usr/bin/c++  -I/home/goncalo/UMinho/3_Ano/CG/CG/vcpkg/buildtrees/imgui/src/v1.90.2-4442117b09.clean -isystem /home/goncalo/UMinho/3_Ano/CG/CG/build/vcpkg_installed/x64-linux/include -fPIC -O3 -DNDEBUG -MD -MT CMakeFiles/imgui.dir/imgui_draw.cpp.o -MF CMakeFiles/imgui.dir/imgui_draw.cpp.o.d -o CMakeFiles/imgui.dir/imgui_draw.cpp.o -c /home/goncalo/UMinho/3_Ano/CG/CG/vcpkg/buildtrees/imgui/src/v1.90.2-4442117b09.clean/imgui_draw.cpp
[6/10] /usr/bin/c++  -I/home/goncalo/UMinho/3_Ano/CG/CG/vcpkg/buildtrees/imgui/src/v1.90.2-4442117b09.clean -isystem /home/goncalo/UMinho/3_Ano/CG/CG/build/vcpkg_installed/x64-linux/include -fPIC -O3 -DNDEBUG -MD -MT CMakeFiles/imgui.dir/imgui_demo.cpp.o -MF CMakeFiles/imgui.dir/imgui_demo.cpp.o.d -o CMakeFiles/imgui.dir/imgui_demo.cpp.o -c /home/goncalo/UMinho/3_Ano/CG/CG/vcpkg/buildtrees/imgui/src/v1.90.2-4442117b09.clean/imgui_demo.cpp
[7/10] /usr/bin/c++  -I/home/goncalo/UMinho/3_Ano/CG/CG/vcpkg/buildtrees/imgui/src/v1.90.2-4442117b09.clean -isystem /home/goncalo/UMinho/3_Ano/CG/CG/build/vcpkg_installed/x64-linux/include -fPIC -O3 -DNDEBUG -MD -MT CMakeFiles/imgui.dir/imgui_widgets.cpp.o -MF CMakeFiles/imgui.dir/imgui_widgets.cpp.o.d -o CMakeFiles/imgui.dir/imgui_widgets.cpp.o -c /home/goncalo/UMinho/3_Ano/CG/CG/vcpkg/buildtrees/imgui/src/v1.90.2-4442117b09.clean/imgui_widgets.cpp
[8/10] /usr/bin/c++  -I/home/goncalo/UMinho/3_Ano/CG/CG/vcpkg/buildtrees/imgui/src/v1.90.2-4442117b09.clean -isystem /home/goncalo/UMinho/3_Ano/CG/CG/build/vcpkg_installed/x64-linux/include -fPIC -O3 -DNDEBUG -MD -MT CMakeFiles/imgui.dir/imgui.cpp.o -MF CMakeFiles/imgui.dir/imgui.cpp.o.d -o CMakeFiles/imgui.dir/imgui.cpp.o -c /home/goncalo/UMinho/3_Ano/CG/CG/vcpkg/buildtrees/imgui/src/v1.90.2-4442117b09.clean/imgui.cpp
[9/10] : && /home/goncalo/UMinho/3_Ano/CG/CG/vcpkg/downloads/tools/cmake-3.31.10-linux/cmake-3.31.10-linux-x86_64/bin/cmake -E rm -f libimgui.a && /usr/bin/ar qc libimgui.a  CMakeFiles/imgui.dir/imgui.cpp.o CMakeFiles/imgui.dir/imgui_demo.cpp.o CMakeFiles/imgui.dir/imgui_draw.cpp.o CMakeFiles/imgui.dir/imgui_tables.cpp.o CMakeFiles/imgui.dir/imgui_widgets.cpp.o CMakeFiles/imgui.dir/misc/cpp/imgui_stdlib.cpp.o CMakeFiles/imgui.dir/backends/imgui_impl_glfw.cpp.o CMakeFiles/imgui.dir/backends/imgui_impl_opengl2.cpp.o && /usr/bin/ranlib libimgui.a && :
[9/10] cd /home/goncalo/UMinho/3_Ano/CG/CG/vcpkg/buildtrees/imgui/x64-linux-rel && /home/goncalo/UMinho/3_Ano/CG/CG/vcpkg/downloads/tools/cmake-3.31.10-linux/cmake-3.31.10-linux-x86_64/bin/cmake -P cmake_install.cmake
-- Install configuration: "Release"
-- Installing: /home/goncalo/UMinho/3_Ano/CG/CG/vcpkg/packages/imgui_x64-linux/lib/libimgui.a
-- Installing: /home/goncalo/UMinho/3_Ano/CG/CG/vcpkg/packages/imgui_x64-linux/include/imgui.h
-- Installing: /home/goncalo/UMinho/3_Ano/CG/CG/vcpkg/packages/imgui_x64-linux/include/imconfig.h
-- Installing: /home/goncalo/UMinho/3_Ano/CG/CG/vcpkg/packages/imgui_x64-linux/include/imgui_internal.h
-- Installing: /home/goncalo/UMinho/3_Ano/CG/CG/vcpkg/packages/imgui_x64-linux/include/imstb_textedit.h
-- Installing: /home/goncalo/UMinho/3_Ano/CG/CG/vcpkg/packages/imgui_x64-linux/include/imstb_rectpack.h
-- Installing: /home/goncalo/UMinho/3_Ano/CG/CG/vcpkg/packages/imgui_x64-linux/include/imstb_truetype.h
-- Installing: /home/goncalo/UMinho/3_Ano/CG/CG/vcpkg/packages/imgui_x64-linux/include/imgui_stdlib.h
-- Installing: /home/goncalo/UMinho/3_Ano/CG/CG/vcpkg/packages/imgui_x64-linux/include/imgui_impl_glfw.h
-- Installing: /home/goncalo/UMinho/3_Ano/CG/CG/vcpkg/packages/imgui_x64-linux/include/imgui_impl_opengl2.h
-- Installing: /home/goncalo/UMinho/3_Ano/CG/CG/vcpkg/packages/imgui_x64-linux/share/imgui/imgui-config.cmake
-- Installing: /home/goncalo/UMinho/3_Ano/CG/CG/vcpkg/packages/imgui_x64-linux/share/imgui/imgui-targets.cmake
-- Installing: /home/goncalo/UMinho/3_Ano/CG/CG/vcpkg/packages/imgui_x64-linux/share/imgui/imgui-targets-release.cmake

