[1/2] "/home/goncalo/UMinho/3_Ano/CG/CG/vcpkg/downloads/tools/cmake-3.31.10-linux/cmake-3.31.10-linux-x86_64/bin/cmake" -E chdir "../../x64-linux-dbg" "/home/goncalo/UMinho/3_Ano/CG/CG/vcpkg/downloads/tools/cmake-3.31.10-linux/cmake-3.31.10-linux-x86_64/bin/cmake" "/home/goncalo/UMinho/3_Ano/CG/CG/vcpkg/buildtrees/glfw3/src/3.3.9-5e1d739809.clean" "-G" "Ninja" "-DCMAKE_BUILD_TYPE=Debug" "-DCMAKE_INSTALL_PREFIX=/home/goncalo/UMinho/3_Ano/CG/CG/vcpkg/packages/glfw3_x64-linux/debug" "-DFETCHCONTENT_FULLY_DISCONNECTED=ON" "-DGLFW_BUILD_EXAMPLES=OFF" "-DGLFW_BUILD_TESTS=OFF" "-DGLFW_BUILD_DOCS=OFF" "-DGLFW_USE_WAYLAND=OFF" "-DCMAKE_MAKE_PROGRAM=/home/goncalo/UMinho/3_Ano/CG/CG/vcpkg/downloads/tools/ninja-1.13.2-linux/ninja" "-DCMAKE_SYSTEM_NAME=Linux" "-DBUILD_SHARED_LIBS=OFF" "-DVCPKG_CHAINLOAD_TOOLCHAIN_FILE=/home/goncalo/UMinho/3_Ano/CG/CG/vcpkg/scripts/toolchains/linux.cmake" "-DVCPKG_TARGET_TRIPLET=x64-linux" "-DVCPKG_SET_CHARSET_FLAG=ON" "-DVCPKG_PLATFORM_TOOLSET=external" "-DCMAKE_EXPORT_NO_PACKAGE_REGISTRY=ON" "-DCMAKE_FIND_PACKAGE_NO_PACKAGE_REGISTRY=ON" "-DCMAKE_FIND_PACKAGE_NO_SYSTEM_PACKAGE_REGISTRY=ON" "-DCMAKE_INSTALL_SYSTEM_RUNTIME_LIBS_SKIP=TRUE" "-DCMAKE_VERBOSE_MAKEFILE=ON" "-DVCPKG_APPLOCAL_DEPS=OFF" "-DCMAKE_TOOLCHAIN_FILE=/home/goncalo/UMinho/3_Ano/CG/CG/vcpkg/scripts/buildsystems/vcpkg.cmake" "-DCMAKE_ERROR_ON_ABSOLUTE_INSTALL_DESTINATION=ON" "-DVCPKG_CXX_FLAGS=" "-DVCPKG_CXX_FLAGS_RELEASE=" "-DVCPKG_CXX_FLAGS_DEBUG=" "-DVCPKG_C_FLAGS=" "-DVCPKG_C_FLAGS_RELEASE=" "-DVCPKG_C_FLAGS_DEBUG=" "-DVCPKG_CRT_LINKAGE=dynamic" "-DVCPKG_LINKER_FLAGS=" "-DVCPKG_LINKER_FLAGS_RELEASE=" "-DVCPKG_LINKER_FLAGS_DEBUG=" "-DVCPKG_TARGET_ARCHITECTURE=x64" "-DCMAKE_INSTALL_LIBDIR:STRING=lib" "-DCMAKE_INSTALL_BINDIR:STRING=bin" "-D_VCPKG_ROOT_DIR=/home/goncalo/UMinho/3_Ano/CG/CG/vcpkg" "-D_VCPKG_INSTALLED_DIR=/home/goncalo/UMinho/3_Ano/CG/CG/build/vcpkg_installed" "-DVCPKG_MANIFEST_INSTALL=OFF"
-- The C compiler identification is GNU 13.3.0
-- Detecting C compiler ABI info
-- Detecting C compiler ABI info - done
-- Check for working C compiler: /usr/bin/cc - skipped
-- Detecting C compile features
-- Detecting C compile features - done
-- Performing Test CMAKE_HAVE_LIBC_PTHREAD
-- Performing Test CMAKE_HAVE_LIBC_PTHREAD - Success
-- Found Threads: TRUE
-- Using X11 for window creation
-- Found X11: /usr/include
-- Looking for XOpenDisplay in /usr/lib/x86_64-linux-gnu/libX11.so;/usr/lib/x86_64-linux-gnu/libXext.so
-- Looking for XOpenDisplay in /usr/lib/x86_64-linux-gnu/libX11.so;/usr/lib/x86_64-linux-gnu/libXext.so - found
-- Looking for gethostbyname
-- Looking for gethostbyname - found
-- Looking for connect
-- Looking for connect - found
-- Looking for remove
-- Looking for remove - found
-- Looking for shmat
-- Looking for shmat - found
-- Looking for IceConnectionNumber in ICE
-- Looking for IceConnectionNumber in ICE - found
-- Configuring done (0.9s)
-- Generating done (0.0s)
CMake Warning:
  Manually-specified variables were not used by the project:

    FETCHCONTENT_FULLY_DISCONNECTED
    VCPKG_PLATFORM_TOOLSET
    VCPKG_SET_CHARSET_FLAG
    _VCPKG_ROOT_DIR


-- Build files have been written to: /home/goncalo/UMinho/3_Ano/CG/CG/vcpkg/buildtrees/glfw3/x64-linux-dbg
[2/2] "/home/goncalo/UMinho/3_Ano/CG/CG/vcpkg/downloads/tools/cmake-3.31.10-linux/cmake-3.31.10-linux-x86_64/bin/cmake" -E chdir ".." "/home/goncalo/UMinho/3_Ano/CG/CG/vcpkg/downloads/tools/cmake-3.31.10-linux/cmake-3.31.10-linux-x86_64/bin/cmake" "/home/goncalo/UMinho/3_Ano/CG/CG/vcpkg/buildtrees/glfw3/src/3.3.9-5e1d739809.clean" "-G" "Ninja" "-DCMAKE_BUILD_TYPE=Release" "-DCMAKE_INSTALL_PREFIX=/home/goncalo/UMinho/3_Ano/CG/CG/vcpkg/packages/glfw3_x64-linux" "-DFETCHCONTENT_FULLY_DISCONNECTED=ON" "-DGLFW_BUILD_EXAMPLES=OFF" "-DGLFW_BUILD_TESTS=OFF" "-DGLFW_BUILD_DOCS=OFF" "-DGLFW_USE_WAYLAND=OFF" "-DCMAKE_MAKE_PROGRAM=/home/goncalo/UMinho/3_Ano/CG/CG/vcpkg/downloads/tools/ninja-1.13.2-linux/ninja" "-DCMAKE_SYSTEM_NAME=Linux" "-DBUILD_SHARED_LIBS=OFF" "-DVCPKG_CHAINLOAD_TOOLCHAIN_FILE=/home/goncalo/UMinho/3_Ano/CG/CG/vcpkg/scripts/toolchains/linux.cmake" "-DVCPKG_TARGET_TRIPLET=x64-linux" "-DVCPKG_SET_CHARSET_FLAG=ON" "-DVCPKG_PLATFORM_TOOLSET=external" "-DCMAKE_EXPORT_NO_PACKAGE_REGISTRY=ON" "-DCMAKE_FIND_PACKAGE_NO_PACKAGE_REGISTRY=ON" "-DCMAKE_FIND_PACKAGE_NO_SYSTEM_PACKAGE_REGISTRY=ON" "-DCMAKE_INSTALL_SYSTEM_RUNTIME_LIBS_SKIP=TRUE" "-DCMAKE_VERBOSE_MAKEFILE=ON" "-DVCPKG_APPLOCAL_DEPS=OFF" "-DCMAKE_TOOLCHAIN_FILE=/home/goncalo/UMinho/3_Ano/CG/CG/vcpkg/scripts/buildsystems/vcpkg.cmake" "-DCMAKE_ERROR_ON_ABSOLUTE_INSTALL_DESTINATION=ON" "-DVCPKG_CXX_FLAGS=" "-DVCPKG_CXX_FLAGS_RELEASE=" "-DVCPKG_CXX_FLAGS_DEBUG=" "-DVCPKG_C_FLAGS=" "-DVCPKG_C_FLAGS_RELEASE=" "-DVCPKG_C_FLAGS_DEBUG=" "-DVCPKG_CRT_LINKAGE=dynamic" "-DVCPKG_LINKER_FLAGS=" "-DVCPKG_LINKER_FLAGS_RELEASE=" "-DVCPKG_LINKER_FLAGS_DEBUG=" "-DVCPKG_TARGET_ARCHITECTURE=x64" "-DCMAKE_INSTALL_LIBDIR:STRING=lib" "-DCMAKE_INSTALL_BINDIR:STRING=bin" "-D_VCPKG_ROOT_DIR=/home/goncalo/UMinho/3_Ano/CG/CG/vcpkg" "-D_VCPKG_INSTALLED_DIR=/home/goncalo/UMinho/3_Ano/CG/CG/build/vcpkg_installed" "-DVCPKG_MANIFEST_INSTALL=OFF"
-- The C compiler identification is GNU 13.3.0
-- Detecting C compiler ABI info
-- Detecting C compiler ABI info - done
-- Check for working C compiler: /usr/bin/cc - skipped
-- Detecting C compile features
-- Detecting C compile features - done
-- Performing Test CMAKE_HAVE_LIBC_PTHREAD
-- Performing Test CMAKE_HAVE_LIBC_PTHREAD - Success
-- Found Threads: TRUE
-- Using X11 for window creation
-- Found X11: /usr/include
-- Looking for XOpenDisplay in /usr/lib/x86_64-linux-gnu/libX11.so;/usr/lib/x86_64-linux-gnu/libXext.so
-- Looking for XOpenDisplay in /usr/lib/x86_64-linux-gnu/libX11.so;/usr/lib/x86_64-linux-gnu/libXext.so - found
-- Looking for gethostbyname
-- Looking for gethostbyname - found
-- Looking for connect
-- Looking for connect - found
-- Looking for remove
-- Looking for remove - found
-- Looking for shmat
-- Looking for shmat - found
-- Looking for IceConnectionNumber in ICE
-- Looking for IceConnectionNumber in ICE - found
-- Configuring done (1.0s)
-- Generating done (0.0s)
CMake Warning:
  Manually-specified variables were not used by the project:

    FETCHCONTENT_FULLY_DISCONNECTED
    VCPKG_PLATFORM_TOOLSET
    VCPKG_SET_CHARSET_FLAG
    _VCPKG_ROOT_DIR


-- Build files have been written to: /home/goncalo/UMinho/3_Ano/CG/CG/vcpkg/buildtrees/glfw3/x64-linux-rel
