Fetching registry information from https://github.com/microsoft/vcpkg (HEAD)...
Detecting compiler hash for triplet x64-linux...
Compiler found: /usr/bin/c++
The following packages will be built and installed:
  * egl-registry:x64-linux@2022-09-20 -- git+https://github.com/microsoft/vcpkg@e596b6c29ad16da764aab6f2fef830a3a884f14b
    glew:x64-linux@2.2.0#3 -- git+https://github.com/microsoft/vcpkg@cfd894e57985fdb9c772bbf28a4aa261759bb6ac
    glfw3:x64-linux@3.3.9 -- git+https://github.com/microsoft/vcpkg@347c2801030056251468ce87934b4e9b02c41741
    imgui[core,glfw-binding,opengl2-binding]:x64-linux@1.90.2 -- git+https://github.com/microsoft/vcpkg@d9be79046f87d6b17d50967e3b76f2460e0d1bf3
    opengl:x64-linux@2022-12-04#3 -- git+https://github.com/microsoft/vcpkg@c3ae71738f88449ebcd781cef60d9a253fa091d4
  * opengl-registry:x64-linux@2022-09-29#1 -- git+https://github.com/microsoft/vcpkg@367e1502c966f1df0656bdea115989650d01a781
    tinyxml2:x64-linux@9.0.0#2 -- git+https://github.com/microsoft/vcpkg@c88f30e7ca28b2de522a19a7c7b6d318664e3860
  * vcpkg-cmake:x64-linux@2023-05-04 -- git+https://github.com/microsoft/vcpkg@88a7058fc7fa73a9c4c99cfcae9d79e2abf87a5a
  * vcpkg-cmake-config:x64-linux@2022-02-06#1 -- git+https://github.com/microsoft/vcpkg@8d54cc4f487d51b655abec5f9c9c3f86ca83311f
    zlib:x64-linux@1.3.1 -- git+https://github.com/microsoft/vcpkg@3f05e04b9aededb96786a911a16193cdb711f0c9
Additional packages (*) will be modified to complete this operation.
Restored 9 package(s) from /home/goncalo/.cache/vcpkg/archives in 166 ms. Use --debug to see more details.
Installing 1/10 vcpkg-cmake-config:x64-linux@2022-02-06#1...
vcpkg-cmake-config:x64-linux@2022-02-06#1 package ABI: 1b2752eb6e57d8790454069204945cb355f801f83f28c1759aa85d58815dbc16
Elapsed time to handle vcpkg-cmake-config:x64-linux: 2.12 ms
Installing 2/10 vcpkg-cmake:x64-linux@2023-05-04...
vcpkg-cmake:x64-linux@2023-05-04 package ABI: d187529d441b8abdc15fd0670927d3c70244fa0365ac5e50b4c9b7323763c40d
Elapsed time to handle vcpkg-cmake:x64-linux: 1.89 ms
Installing 3/10 egl-registry:x64-linux@2022-09-20...
egl-registry:x64-linux@2022-09-20 package ABI: 56bf99c183077e214d4298ef36ec43bc88dcc1e782bb0565488374d9b94ba018
Elapsed time to handle egl-registry:x64-linux: 2.89 ms
Installing 4/10 opengl-registry:x64-linux@2022-09-29#1...
opengl-registry:x64-linux@2022-09-29#1 package ABI: a41882386741728fc0b23c4df43389338d7f89c9209a90b482be997557235c74
Elapsed time to handle opengl-registry:x64-linux: 4.25 ms
Installing 5/10 opengl:x64-linux@2022-12-04#3...
opengl:x64-linux@2022-12-04#3 package ABI: de1de55a246156c3bf9a264471b62c933ef006a4855daee4b0f4564c970ef65b
Elapsed time to handle opengl:x64-linux: 2.51 ms
Installing 6/10 glew:x64-linux@2.2.0#3...
glew:x64-linux@2.2.0#3 package ABI: b130908123b6f7438168530a41b019876fe556447667692caeebd6853855f07d
Elapsed time to handle glew:x64-linux: 5.76 ms
Installing 7/10 glfw3:x64-linux@3.3.9...
glfw3:x64-linux@3.3.9 package ABI: 83bb3f9ebd7ac12ba7fad34f72619ac125fdc3aeef9d5bb91df47771007c59ce
Elapsed time to handle glfw3:x64-linux: 4.67 ms
Installing 8/10 imgui[core,glfw-binding,opengl2-binding]:x64-linux@1.90.2...
imgui[core,glfw-binding,opengl2-binding]:x64-linux@1.90.2 package ABI: 1d5a30454afc323247f63b03e4a370cb2c5ab7606887231feee28bf08ddc6260
Elapsed time to handle imgui:x64-linux: 5.08 ms
Installing 9/10 tinyxml2:x64-linux@9.0.0#2...
tinyxml2:x64-linux@9.0.0#2 package ABI: 16adb9c910e1b4204a8cd7f71a7f7b4eb5f781182d0dfa713eaad2fed758ebd2
Elapsed time to handle tinyxml2:x64-linux: 4.29 ms
Installing 10/10 zlib:x64-linux@1.3.1...
zlib:x64-linux@1.3.1 package ABI: 1e7826acbb5949857a7bcf492fae07512b2d65708dc859e20893c2bf9213e239
Building zlib:x64-linux@1.3.1...
/home/goncalo/.cache/vcpkg/registries/git-trees/3f05e04b9aededb96786a911a16193cdb711f0c9: info: installing from git registry git+https://github.com/microsoft/vcpkg@3f05e04b9aededb96786a911a16193cdb711f0c9
Downloading https://github.com/madler/zlib/archive/v1.3.1.tar.gz -> madler-zlib-v1.3.1.tar.gz
Successfully downloaded madler-zlib-v1.3.1.tar.gz
-- Extracting source /home/goncalo/UMinho/3_Ano/CG/CG_3a_Fase/vcpkg/downloads/madler-zlib-v1.3.1.tar.gz
-- Applying patch 0001-Prevent-invalid-inclusions-when-HAVE_-is-set-to-0.patch
-- Applying patch 0002-build-static-or-shared-not-both.patch
-- Applying patch 0003-android-and-mingw-fixes.patch
-- Using source at /home/goncalo/UMinho/3_Ano/CG/CG_3a_Fase/vcpkg/buildtrees/zlib/src/v1.3.1-2e5db616bf.clean
-- Configuring x64-linux
-- Building x64-linux-dbg
-- Building x64-linux-rel
-- Installing: /home/goncalo/UMinho/3_Ano/CG/CG_3a_Fase/vcpkg/packages/zlib_x64-linux/share/zlib/vcpkg-cmake-wrapper.cmake
-- Fixing pkgconfig file: /home/goncalo/UMinho/3_Ano/CG/CG_3a_Fase/vcpkg/packages/zlib_x64-linux/lib/pkgconfig/zlib.pc
-- Fixing pkgconfig file: /home/goncalo/UMinho/3_Ano/CG/CG_3a_Fase/vcpkg/packages/zlib_x64-linux/debug/lib/pkgconfig/zlib.pc
-- Installing: /home/goncalo/UMinho/3_Ano/CG/CG_3a_Fase/vcpkg/packages/zlib_x64-linux/share/zlib/copyright
-- Performing post-build validation
Starting submission of zlib:x64-linux@1.3.1 to 1 binary cache(s) in the background
Elapsed time to handle zlib:x64-linux: 4.5 s
Installed contents are licensed to you by owners. Microsoft is not responsible for, nor does it grant any licenses to, third-party packages.
Some packages did not declare an SPDX license. Check the `copyright` file for each package for more information about their licensing.
Packages installed in this vcpkg installation declare the following licenses:
MIT
Zlib
The package opengl is compatible with built-in CMake targets via CMake v3.7 and prior syntax

    find_package(OpenGL REQUIRED)
    target_link_libraries(main PRIVATE ${OPENGL_LIBRARIES})
    target_include_directories(main PRIVATE ${OPENGL_INCLUDE_DIR})

and the CMake v3.8 and beyond imported target syntax

    find_package(OpenGL REQUIRED)
    target_link_libraries(main PRIVATE OpenGL::GL)

introduction of various components

    find_package(OpenGL REQUIRED COMPONENTS GL      # v3.8
                                            GLU     # v3.8
                                            GLX     # v3.10
                                            EGL     # v3.10
                                            OpenGL) # v3.10

The OpenGL SDK is highly platform dependent and is usually an OS component. It's not realistic to build from source for every platform.

    WINDOWS: is part of the Windows SDK which this package installs.
    LINUX: the SDK may be installed from your distro's repo or from 3rd parties manually. There are too many to count.
    APPLE: consult your distribution vendor on the state of OpenGL support: https://support.apple.com/en-us/HT202823

The package glew is compatible with built-in CMake targets:

    find_package(GLEW REQUIRED)
    target_link_libraries(main PRIVATE GLEW::GLEW)

glfw3 provides CMake targets:

  # this is heuristically generated, and may not be correct
  find_package(glfw3 CONFIG REQUIRED)
  target_link_libraries(main PRIVATE glfw)

glfw3 provides pkg-config modules:

  # A multi-platform library for OpenGL, window and input
  glfw3

imgui provides CMake targets:

  # this is heuristically generated, and may not be correct
  find_package(imgui CONFIG REQUIRED)
  target_link_libraries(main PRIVATE imgui::imgui)

tinyxml2 provides CMake targets:

  # this is heuristically generated, and may not be correct
  find_package(tinyxml2 CONFIG REQUIRED)
  target_link_libraries(main PRIVATE tinyxml2::tinyxml2)

tinyxml2 provides pkg-config modules:

  # simple, small, C++ XML parser
  tinyxml2

The package zlib is compatible with built-in CMake targets:

    find_package(ZLIB REQUIRED)
    target_link_libraries(main PRIVATE ZLIB::ZLIB)

Waiting for 1 remaining binary cache submissions...
Completed submission of zlib:x64-linux@1.3.1 to 1 binary cache(s) in 92.9 ms (1/1)
All requested installations completed successfully in: 4.5 s
